Component: ARM Compiler 5.06 update 5 (build 528) Tool: armlink [4d35e2]

==============================================================================

Section Cross References

    stm32f10x.o(STACK) refers (Special) to heapauxi.o(.text) for __use_two_region_memory
    stm32f10x.o(HEAP) refers (Special) to heapauxi.o(.text) for __use_two_region_memory
    stm32f10x.o(RESET) refers (Special) to heapauxi.o(.text) for __use_two_region_memory
    stm32f10x.o(RESET) refers to stm32f10x.o(STACK) for __initial_sp
    stm32f10x.o(RESET) refers to stm32f10x.o(.text) for Reset_Handler
    stm32f10x.o(RESET) refers to main.o(.text) for TIM1_UP_IRQHandler
    stm32f10x.o(.text) refers (Special) to heapauxi.o(.text) for __use_two_region_memory
    stm32f10x.o(.text) refers to __main.o(!!!main) for __main
    stm32f10x.o(.text) refers to stm32f10x.o(HEAP) for Heap_Mem
    stm32f10x.o(.text) refers to stm32f10x.o(STACK) for Stack_Mem
    main.o(.text) refers to _printf_percent.o(.ARM.Collect$$_printf_percent$$00000000) for _printf_percent
    main.o(.text) refers to _printf_f.o(.ARM.Collect$$_printf_percent$$00000003) for _printf_f
    main.o(.text) refers to printf1.o(x$fpl$printf1) for _printf_fp_dec
    main.o(.text) refers to _printf_x.o(.ARM.Collect$$_printf_percent$$0000000C) for _printf_x
    main.o(.text) refers to _printf_hex_int.o(.text) for _printf_longlong_hex
    main.o(.text) refers to _printf_d.o(.ARM.Collect$$_printf_percent$$00000009) for _printf_d
    main.o(.text) refers to _printf_dec.o(.text) for _printf_int_dec
    main.o(.text) refers to _printf_u.o(.ARM.Collect$$_printf_percent$$0000000A) for _printf_u
    main.o(.text) refers to dflt_clz.o(x$fpl$dfltu) for __aeabi_ui2d
    main.o(.text) refers to pow.o(i.pow) for pow
    main.o(.text) refers to f2d.o(x$fpl$f2d) for __aeabi_f2d
    main.o(.text) refers to dmul.o(x$fpl$dmul) for __aeabi_dmul
    main.o(.text) refers to d2f.o(x$fpl$d2f) for __aeabi_d2f
    main.o(.text) refers to ffix.o(x$fpl$ffix) for __aeabi_f2iz
    main.o(.text) refers to fflt_clz.o(x$fpl$fflt) for __aeabi_i2f
    main.o(.text) refers to noretval__2sprintf.o(.text) for __2sprintf
    main.o(.text) refers to main.o(.data) for picnumber
    main.o(.text) refers to main.o(.bss) for picbuf
    main.o(.text) refers to main.o(.constdata) for strl
    main.o(.text) refers to fflt_clz.o(x$fpl$ffltu) for __aeabi_ui2f
    main.o(.text) refers to feqf.o(x$fpl$feqf) for __aeabi_cfcmpeq
    main.o(.text) refers to ffixu.o(x$fpl$ffixu) for __aeabi_f2uiz
    main.o(.text) refers to delay.o(.text) for delay_ms
    main.o(.text) refers to fdiv.o(x$fpl$fdiv) for __aeabi_fdiv
    main.o(.text) refers to fmul.o(x$fpl$fmul) for __aeabi_fmul
    main.o(.text) refers to faddsub_clz.o(x$fpl$fadd) for __aeabi_fadd
    main.o(.text) refers to stm32f10x_usart.o(i.USART_SendData) for USART_SendData
    main.o(.text) refers to stm32f10x_flash.o(i.FLASH_ErasePage) for FLASH_ErasePage
    main.o(.text) refers to stm32f10x_flash.o(i.FLASH_ProgramHalfWord) for FLASH_ProgramHalfWord
    main.o(.text) refers to stm32f10x_flash.o(i.FLASH_Unlock) for FLASH_Unlock
    main.o(.text) refers to serial.o(.text) for send_string
    main.o(.text) refers to stm32f10x_flash.o(i.FLASH_Lock) for FLASH_Lock
    main.o(.text) refers to strcmpv7m.o(.text) for strcmp
    main.o(.text) refers to atoi.o(.text) for atoi
    main.o(.text) refers to main.o(.conststring) for .conststring
    main.o(.text) refers to stm32_init.o(.text) for stm32_Init
    serial.o(.text) refers to strcat.o(.text) for strcat
    serial.o(.text) refers to strcmpv7m.o(.text) for strcmp
    lib_crc.o(.text) refers to lib_crc.o(.bss) for crc_tabccitt
    lib_crc.o(.text) refers to lib_crc.o(.data) for crc_tabccitt_init
    stm32f10x_flash.o(i.FLASH_WaitForLastOperation) refers to stm32f10x_flash.o(i.FLASH_GetStatus) for FLASH_GetStatus
    stm32f10x_flash.o(i.FLASH_ErasePage) refers to stm32f10x_flash.o(i.FLASH_WaitForLastOperation) for FLASH_WaitForLastOperation
    stm32f10x_flash.o(i.FLASH_EraseAllPages) refers to stm32f10x_flash.o(i.FLASH_WaitForLastOperation) for FLASH_WaitForLastOperation
    stm32f10x_flash.o(i.FLASH_EraseOptionBytes) refers to stm32f10x_flash.o(i.FLASH_WaitForLastOperation) for FLASH_WaitForLastOperation
    stm32f10x_flash.o(i.FLASH_ProgramWord) refers to stm32f10x_flash.o(i.FLASH_WaitForLastOperation) for FLASH_WaitForLastOperation
    stm32f10x_flash.o(i.FLASH_ProgramHalfWord) refers to stm32f10x_flash.o(i.FLASH_WaitForLastOperation) for FLASH_WaitForLastOperation
    stm32f10x_flash.o(i.FLASH_ProgramOptionByteData) refers to stm32f10x_flash.o(i.FLASH_WaitForLastOperation) for FLASH_WaitForLastOperation
    stm32f10x_flash.o(i.FLASH_EnableWriteProtection) refers to stm32f10x_flash.o(i.FLASH_WaitForLastOperation) for FLASH_WaitForLastOperation
    stm32f10x_flash.o(i.FLASH_ReadOutProtection) refers to stm32f10x_flash.o(i.FLASH_WaitForLastOperation) for FLASH_WaitForLastOperation
[...]
    _printf_x                                0x080001b3   Thumb Code     0  _printf_x.o(.ARM.Collect$$_printf_percent$$0000000C)
    _printf_percent_end                      0x080001b9   Thumb Code     0  _printf_percent_end.o(.ARM.Collect$$_printf_percent$$00000017)
    __rt_lib_init                            0x080001bd   Thumb Code     0  libinit.o(.ARM.Collect$$libinit$$00000000)
    __rt_lib_init_fp_1                       0x080001bf   Thumb Code     0  libinit2.o(.ARM.Collect$$libinit$$00000002)
    __rt_lib_init_heap_1                     0x080001bf   Thumb Code     0  libinit2.o(.ARM.Collect$$libinit$$0000000A)
    __rt_lib_init_lc_common                  0x080001bf   Thumb Code     0  libinit2.o(.ARM.Collect$$libinit$$0000000F)
    __rt_lib_init_preinit_1                  0x080001bf   Thumb Code     0  libinit2.o(.ARM.Collect$$libinit$$00000004)
    __rt_lib_init_rand_1                     0x080001bf   Thumb Code     0  libinit2.o(.ARM.Collect$$libinit$$0000000E)
    __rt_lib_init_user_alloc_1               0x080001bf   Thumb Code     0  libinit2.o(.ARM.Collect$$libinit$$0000000C)
    __rt_lib_init_lc_collate_1               0x080001c5   Thumb Code     0  libinit2.o(.ARM.Collect$$libinit$$00000011)
    __rt_lib_init_lc_ctype_2                 0x080001c5   Thumb Code     0  libinit2.o(.ARM.Collect$$libinit$$00000012)
    __rt_lib_init_lc_ctype_1                 0x080001d1   Thumb Code     0  libinit2.o(.ARM.Collect$$libinit$$00000013)
    __rt_lib_init_lc_monetary_1              0x080001d1   Thumb Code     0  libinit2.o(.ARM.Collect$$libinit$$00000015)
    __rt_lib_init_lc_numeric_2               0x080001d1   Thumb Code     0  libinit2.o(.ARM.Collect$$libinit$$00000016)
    __rt_lib_init_alloca_1                   0x080001db   Thumb Code     0  libinit2.o(.ARM.Collect$$libinit$$0000002E)
    __rt_lib_init_argv_1                     0x080001db   Thumb Code     0  libinit2.o(.ARM.Collect$$libinit$$0000002C)
    __rt_lib_init_atexit_1                   0x080001db   Thumb Code     0  libinit2.o(.ARM.Collect$$libinit$$0000001B)
    __rt_lib_init_clock_1                    0x080001db   Thumb Code     0  libinit2.o(.ARM.Collect$$libinit$$00000021)
    __rt_lib_init_cpp_1                      0x080001db   Thumb Code     0  libinit2.o(.ARM.Collect$$libinit$$00000032)
    __rt_lib_init_exceptions_1               0x080001db   Thumb Code     0  libinit2.o(.ARM.Collect$$libinit$$00000030)
    __rt_lib_init_fp_trap_1                  0x080001db   Thumb Code     0  libinit2.o(.ARM.Collect$$libinit$$0000001F)
    __rt_lib_init_getenv_1                   0x080001db   Thumb Code     0  libinit2.o(.ARM.Collect$$libinit$$00000023)
    __rt_lib_init_lc_numeric_1               0x080001db   Thumb Code     0  libinit2.o(.ARM.Collect$$libinit$$00000017)
    __rt_lib_init_lc_time_1                  0x080001db   Thumb Code     0  libinit2.o(.ARM.Collect$$libinit$$00000019)
    __rt_lib_init_return                     0x080001db   Thumb Code     0  libinit2.o(.ARM.Collect$$libinit$$00000033)
    __rt_lib_init_signal_1                   0x080001db   Thumb Code     0  libinit2.o(.ARM.Collect$$libinit$$0000001D)
    __rt_lib_init_stdio_1                    0x080001db   Thumb Code     0  libinit2.o(.ARM.Collect$$libinit$$00000025)
    __rt_lib_shutdown                        0x080001dd   Thumb Code     0  libshutdown.o(.ARM.Collect$$libshutdown$$00000000)
    __rt_lib_shutdown_cpp_1                  0x080001df   Thumb Code     0  libshutdown2.o(.ARM.Collect$$libshutdown$$00000002)
    __rt_lib_shutdown_fp_trap_1              0x080001df   Thumb Code     0  libshutdown2.o(.ARM.Collect$$libshutdown$$00000007)
    __rt_lib_shutdown_heap_1                 0x080001df   Thumb Code     0  libshutdown2.o(.ARM.Collect$$libshutdown$$0000000F)
    __rt_lib_shutdown_return                 0x080001df   Thumb Code     0  libshutdown2.o(.ARM.Collect$$libshutdown$$00000010)
    __rt_lib_shutdown_signal_1               0x080001df   Thumb Code     0  libshutdown2.o(.ARM.Collect$$libshutdown$$0000000A)
    __rt_lib_shutdown_stdio_1                0x080001df   Thumb Code     0  libshutdown2.o(.ARM.Collect$$libshutdown$$00000004)
    __rt_lib_shutdown_user_alloc_1           0x080001df   Thumb Code     0  libshutdown2.o(.ARM.Collect$$libshutdown$$0000000C)
    __rt_entry                               0x080001e1   Thumb Code     0  __rtentry.o(.ARM.Collect$$rtentry$$00000000)
    __rt_entry_presh_1                       0x080001e1   Thumb Code     0  __rtentry2.o(.ARM.Collect$$rtentry$$00000002)
    __rt_entry_sh                            0x080001e1   Thumb Code     0  __rtentry4.o(.ARM.Collect$$rtentry$$00000004)
    __rt_entry_li                            0x080001e7   Thumb Code     0  __rtentry2.o(.ARM.Collect$$rtentry$$0000000A)
    __rt_entry_postsh_1                      0x080001e7   Thumb Code     0  __rtentry2.o(.ARM.Collect$$rtentry$$00000009)
    __rt_entry_main                          0x080001eb   Thumb Code     0  __rtentry2.o(.ARM.Collect$$rtentry$$0000000D)
    __rt_entry_postli_1                      0x080001eb   Thumb Code     0  __rtentry2.o(.ARM.Collect$$rtentry$$0000000C)
    __rt_exit                                0x080001f3   Thumb Code     0  rtexit.o(.ARM.Collect$$rtexit$$00000000)
    __rt_exit_ls                             0x080001f5   Thumb Code     0  rtexit2.o(.ARM.Collect$$rtexit$$00000003)
    __rt_exit_prels_1                        0x080001f5   Thumb Code     0  rtexit2.o(.ARM.Collect$$rtexit$$00000002)
    __rt_exit_exit                           0x080001f9   Thumb Code     0  rtexit2.o(.ARM.Collect$$rtexit$$00000004)
    stm32_Init                               0x08000381   Thumb Code   218  stm32_init.o(.text)
    stm32_GetPCLK1                           0x0800045b   Thumb Code     4  stm32_init.o(.text)
    stm32_GetPCLK2                           0x0800045f   Thumb Code     4  stm32_init.o(.text)
    Reset_Handler                            0x080004a9   Thumb Code     4  stm32f10x.o(.text)
    NMI_Handler                              0x080004ad   Thumb Code     2  stm32f10x.o(.text)
    HardFault_Handler                        0x080004af   Thumb Code     2  stm32f10x.o(.text)
    MemManage_Handler                        0x080004b1   Thumb Code     2  stm32f10x.o(.text)
    BusFault_Handler                         0x080004b3   Thumb Code     2  stm32f10x.o(.text)
    UsageFault_Handler                       0x080004b5   Thumb Code     2  stm32f10x.o(.text)
    SVC_Handler                              0x080004b7   Thumb Code     2  stm32f10x.o(.text)
    DebugMon_Handler                         0x080004b9   Thumb Code     2  stm32f10x.o(.text)
    PendSV_Handler                           0x080004bb   Thumb Code     2  stm32f10x.o(.text)
    SysTick_Handler                          0x080004bd   Thumb Code     2  stm32f10x.o(.text)
    ADC_IRQHandler                           0x080004bf   Thumb Code     0  stm32f10x.o(.text)
    CAN_RX1_IRQHandler                       0x080004bf   Thumb Code     0  stm32f10x.o(.text)
    CAN_SCE_IRQHandler                       0x080004bf   Thumb Code     0  stm32f10x.o(.text)
    DMAChannel1_IRQHandler                   0x080004bf   Thumb Code     0  stm32f10x.o(.text)
    DMAChannel2_IRQHandler                   0x080004bf   Thumb Code     0  stm32f10x.o(.text)
    DMAChannel3_IRQHandler                   0x080004bf   Thumb Code     0  stm32f10x.o(.text)
    DMAChannel4_IRQHandler                   0x080004bf   Thumb Code     0  stm32f10x.o(.text)
    DMAChannel5_IRQHandler                   0x080004bf   Thumb Code     0  stm32f10x.o(.text)
    DMAChannel6_IRQHandler                   0x080004bf   Thumb Code     0  stm32f10x.o(.text)
    DMAChannel7_IRQHandler                   0x080004bf   Thumb Code     0  stm32f10x.o(.text)
    EXTI0_IRQHandler                         0x080004bf   Thumb Code     0  stm32f10x.o(.text)
    EXTI15_10_IRQHandler                     0x080004bf   Thumb Code     0  stm32f10x.o(.text)
    EXTI1_IRQHandler                         0x080004bf   Thumb Code     0  stm32f10x.o(.text)
    EXTI2_IRQHandler                         0x080004bf   Thumb Code     0  stm32f10x.o(.text)
    EXTI3_IRQHandler                         0x080004bf   Thumb Code     0  stm32f10x.o(.text)
    EXTI4_IRQHandler                         0x080004bf   Thumb Code     0  stm32f10x.o(.text)
    EXTI9_5_IRQHandler                       0x080004bf   Thumb Code     0  stm32f10x.o(.text)
    FLASH_IRQHandler                         0x080004bf   Thumb Code     0  stm32f10x.o(.text)
    I2C1_ER_IRQHandler                       0x080004bf   Thumb Code     0  stm32f10x.o(.text)
    I2C1_EV_IRQHandler                       0x080004bf   Thumb Code     0  stm32f10x.o(.text)
    I2C2_ER_IRQHandler                       0x080004bf   Thumb Code     0  stm32f10x.o(.text)
    I2C2_EV_IRQHandler                       0x080004bf   Thumb Code     0  stm32f10x.o(.text)
    PVD_IRQHandler                           0x080004bf   Thumb Code     0  stm32f10x.o(.text)
    RCC_IRQHandler                           0x080004bf   Thumb Code     0  stm32f10x.o(.text)
    RTCAlarm_IRQHandler                      0x080004bf   Thumb Code     0  stm32f10x.o(.text)
    RTC_IRQHandler                           0x080004bf   Thumb Code     0  stm32f10x.o(.text)
    SPI1_IRQHandler                          0x080004bf   Thumb Code     0  stm32f10x.o(.text)
    SPI2_IRQHandler                          0x080004bf   Thumb Code     0  stm32f10x.o(.text)
    TAMPER_IRQHandler                        0x080004bf   Thumb Code     0  stm32f10x.o(.text)
    TIM1_BRK_IRQHandler                      0x080004bf   Thumb Code     0  stm32f10x.o(.text)
    TIM1_CC_IRQHandler                       0x080004bf   Thumb Code     0  stm32f10x.o(.text)
    TIM1_TRG_COM_IRQHandler                  0x080004bf   Thumb Code     0  stm32f10x.o(.text)
    TIM2_IRQHandler                          0x080004bf   Thumb Code     0  stm32f10x.o(.text)
    TIM3_IRQHandler                          0x080004bf   Thumb Code     0  stm32f10x.o(.text)
    TIM4_IRQHandler                          0x080004bf   Thumb Code     0  stm32f10x.o(.text)
    USART3_IRQHandler                        0x080004bf   Thumb Code     0  stm32f10x.o(.text)
    USBWakeUp_IRQHandler                     0x080004bf   Thumb Code     0  stm32f10x.o(.text)
    USB_HP_CAN_TX_IRQHandler                 0x080004bf   Thumb Code     0  stm32f10x.o(.text)
    USB_LP_CAN_RX0_IRQHandler                0x080004bf   Thumb Code     0  stm32f10x.o(.text)
    WWDG_IRQHandler                          0x080004bf   Thumb Code     0  stm32f10x.o(.text)
    __user_initial_stackheap                 0x080004c1   Thumb Code     0  stm32f10x.o(.text)
    ftoa                                     0x080004e1   Thumb Code   106  main.o(.text)
    picpast                                  0x0800054b   Thumb Code   548  main.o(.text)
    makebuf                                  0x0800076f   Thumb Code    68  main.o(.text)
    pageid                                   0x080007b3   Thumb Code   138  main.o(.text)
    lcd_beep                                 0x0800083d   Thumb Code   118  main.o(.text)
    brightness                               0x080008b3   Thumb Code   160  main.o(.text)
    cleart                                   0x08000953   Thumb Code    32  main.o(.text)
    cleartext                                0x08000973   Thumb Code    22  main.o(.text)
    puttext                                  0x08000989   Thumb Code    26  main.o(.text)
    putnumber                                0x080009a3   Thumb Code   108  main.o(.text)
    settext                                  0x08000a0f   Thumb Code  1220  main.o(.text)
    setcolor                                 0x08000ed3   Thumb Code   254  main.o(.text)
    printl                                   0x08000fd1   Thumb Code   192  main.o(.text)
    cpp                                      0x08001091   Thumb Code   200  main.o(.text)
    tik                                      0x08001159   Thumb Code    88  main.o(.text)
    setlcd                                   0x080011b1   Thumb Code   152  main.o(.text)
    setlcd2                                  0x08001249   Thumb Code   144  main.o(.text)
    controll                                 0x080012d9   Thumb Code  1298  main.o(.text)
    tempctl                                  0x080017eb   Thumb Code    24  main.o(.text)
    cond                                     0x08001803   Thumb Code 10404  main.o(.text)
    colorm                                   0x080040a7   Thumb Code  9676  main.o(.text)
    write_ppi                                0x08006673   Thumb Code     2  main.o(.text)
    read_ppi                                 0x08006675   Thumb Code     4  main.o(.text)
    defalt                                   0x08006679   Thumb Code  1696  main.o(.text)
    ftable                                   0x08006d19   Thumb Code  1044  main.o(.text)
    limit                                    0x0800712d   Thumb Code  2394  main.o(.text)
    codepro                                  0x08007a87   Thumb Code   458  main.o(.text)
    selectprocess                            0x08007c51   Thumb Code   290  main.o(.text)
    escprocess                               0x08007d73   Thumb Code     8  main.o(.text)
    upprocess                                0x08007d7b   Thumb Code     2  main.o(.text)
    downprocess                              0x08007d7d   Thumb Code     2  main.o(.text)
    r13process                               0x08007d7f   Thumb Code     2  main.o(.text)
    r56process                               0x08007d81   Thumb Code    24  main.o(.text)
    lineprocess                              0x08007d99   Thumb Code   108  main.o(.text)
    read                                     0x08007e05   Thumb Code    14  main.o(.text)
    keypross                                 0x08007e13   Thumb Code  3584  main.o(.text)
    keyscan                                  0x08008c13   Thumb Code   250  main.o(.text)
    main_timer                               0x08008d0d   Thumb Code   936  main.o(.text)
    TIM1_UP_IRQHandler                       0x080090b5   Thumb Code    30  main.o(.text)
    EE_Format                                0x080090d3   Thumb Code    50  main.o(.text)
    EE_ReadVariable                          0x080091cd   Thumb Code   296  main.o(.text)
    EE_WriteVariable                         0x080093d5   Thumb Code    36  main.o(.text)
    show_page                                0x080093f9   Thumb Code    56  main.o(.text)
    show_var                                 0x08009431   Thumb Code    90  main.o(.text)
    inc                                      0x0800948b   Thumb Code   188  main.o(.text)
    findvalidpage                            0x08009547   Thumb Code   136  main.o(.text)
    get_var                                  0x080095cf   Thumb Code   166  main.o(.text)
    memload                                  0x08009675   Thumb Code   618  main.o(.text)
    update_var                               0x080098df   Thumb Code   158  main.o(.text)
    find_next_var_page                       0x0800997d   Thumb Code    72  main.o(.text)
    vartomem                                 0x080099c5   Thumb Code   228  main.o(.text)
    LOADMEM_TO_VAR                           0x08009aa9   Thumb Code   120  main.o(.text)
    STORE_TO_MEM                             0x08009b21   Thumb Code   138  main.o(.text)
    command_process                          0x08009bab   Thumb Code  1174  main.o(.text)
    USART2_IRQHandler                        0x0800a041   Thumb Code   174  main.o(.text)
    USART1_IRQHandler                        0x0800a0ef   Thumb Code    56  main.o(.text)
    getcounter                               0x0800a127   Thumb Code     4  main.o(.text)
    putdigit_xy                              0x0800a12b   Thumb Code     8  main.o(.text)
    showpic_xy                               0x0800a133   Thumb Code     2  main.o(.text)
    monitorn                                 0x0800a135   Thumb Code     2  main.o(.text)
    cycle                                    0x0800a137   Thumb Code  1466  main.o(.text)
    calibration                              0x0800a6f1   Thumb Code  1560  main.o(.text)
    statecontroll                            0x0800ad09   Thumb Code     2  main.o(.text)
    putdigit_xy_space                        0x0800ad0b   Thumb Code     6  main.o(.text)
    SendDataDac                              0x0800ad11   Thumb Code   122  main.o(.text)
    main                                     0x0800ad8b   Thumb Code   426  main.o(.text)
    jtag_Disable                             0x0800aff9   Thumb Code    36  serial.o(.text)
    ltoa                                     0x0800b01d   Thumb Code    68  serial.o(.text)
    sendchar                                 0x0800b061   Thumb Code    52  serial.o(.text)
    getkey                                   0x0800b095   Thumb Code    26  serial.o(.text)
    getkey3                                  0x0800b0af   Thumb Code    26  serial.o(.text)
    sendbyte2                                0x0800b0c9   Thumb Code    26  serial.o(.text)
    sendchar2                                0x0800b0e3   Thumb Code    52  serial.o(.text)
    sendchar3                                0x0800b117   Thumb Code    52  serial.o(.text)
    getkey2                                  0x0800b14b   Thumb Code    26  serial.o(.text)
    send_static_string                       0x0800b165   Thumb Code    24  serial.o(.text)
    send_string                              0x0800b17d   Thumb Code    24  serial.o(.text)
    send_static_string2                      0x0800b195   Thumb Code    24  serial.o(.text)
    sendbyte                                 0x0800b1ad   Thumb Code    26  serial.o(.text)
    sendbyte3                                0x0800b1c7   Thumb Code    26  serial.o(.text)
    send_bytes                               0x0800b1e1   Thumb Code    28  serial.o(.text)
    send_bytes3                              0x0800b1fd   Thumb Code    28  serial.o(.text)
    send_bytes2                              0x0800b219   Thumb Code    28  serial.o(.text)
    send_string2                             0x0800b235   Thumb Code    24  serial.o(.text)
    get_udir                                 0x0800b24d   Thumb Code   246  serial.o(.text)
    clear_array                              0x0800b343   Thumb Code    20  serial.o(.text)
    delay_ms                                 0x0800b391   Thumb Code    32  delay.o(.text)
    delay_us                                 0x0800b3b1   Thumb Code    28  delay.o(.text)
    __2sprintf                               0x0800b3cd   Thumb Code    34  noretval__2sprintf.o(.text)
    __printf                                 0x0800b3f5   Thumb Code   104  __printf.o(.text)
    _printf_int_dec                          0x0800b45d   Thumb Code   104  _printf_dec.o(.text)
    _printf_int_hex                          0x0800b4d5   Thumb Code    84  _printf_hex_int.o(.text)
    _printf_longlong_hex                     0x0800b4d5   Thumb Code     0  _printf_hex_int.o(.text)
    atoi                                     0x0800b52d   Thumb Code    26  atoi.o(.text)
    strcat                                   0x0800b547   Thumb Code    24  strcat.o(.text)
    strcmp                                   0x0800b561   Thumb Code   128  strcmpv7m.o(.text)
    __use_two_region_memory                  0x0800b5e1   Thumb Code     2  heapauxi.o(.text)
    __rt_heap_escrow$2region                 0x0800b5e3   Thumb Code     2  heapauxi.o(.text)
    __rt_heap_expand$2region                 0x0800b5e5   Thumb Code     2  heapauxi.o(.text)
    __aeabi_errno_addr                       0x0800b5e9   Thumb Code     8  rt_errno_addr_intlibspace.o(.text)
    __errno$intlibspace                      0x0800b5e9   Thumb Code     0  rt_errno_addr_intlibspace.o(.text)
    __rt_errno_addr$intlibspace              0x0800b5e9   Thumb Code     0  rt_errno_addr_intlibspace.o(.text)
    __read_errno                             0x0800b5f1   Thumb Code    10  _rserrno.o(.text)
    __set_errno                              0x0800b5fb   Thumb Code    12  _rserrno.o(.text)
    _printf_int_common                       0x0800b607   Thumb Code   178  _printf_intcommon.o(.text)
    __lib_sel_fp_printf                      0x0800b6b9   Thumb Code     2  _printf_fp_dec.o(.text)
    _printf_fp_dec_real                      0x0800b86b   Thumb Code   620  _printf_fp_dec.o(.text)
    _printf_char_common                      0x0800bae3   Thumb Code    32  _printf_char_common.o(.text)
    _sputc                                   0x0800bb09   Thumb Code    10  _sputc.o(.text)
    strtol                                   0x0800bb13   Thumb Code   112  strtol.o(.text)
    __user_libspace                          0x0800bb85   Thumb Code     8  libspace.o(.text)
    __user_perproc_libspace                  0x0800bb85   Thumb Code     0  libspace.o(.text)
    __user_perthread_libspace                0x0800bb85   Thumb Code     0  libspace.o(.text)
    __rt_ctype_table                         0x0800bb8d   Thumb Code    16  rt_ctype_table.o(.text)
    __rt_locale                              0x0800bb9d   Thumb Code     8  rt_locale_intlibspace.o(.text)
    _ll_udiv10                               0x0800bba5   Thumb Code   138  lludiv10.o(.text)
    _printf_fp_infnan                        0x0800bc31   Thumb Code   112  _printf_fp_infnan.o(.text)
    _strtoul                                 0x0800bcb1   Thumb Code   158  _strtoul.o(.text)
    _btod_etento                             0x0800bd51   Thumb Code   224  bigflt0.o(.text)
    __user_setup_stackheap                   0x0800be35   Thumb Code    74  sys_stackheap_outer.o(.text)
    _chval                                   0x0800be7f   Thumb Code    28  _chval.o(.text)
    exit                                     0x0800be9b   Thumb Code    18  exit.o(.text)
    _sys_exit                                0x0800bead   Thumb Code     8  sys_exit.o(.text)
    __I$use$semihosting                      0x0800beb9   Thumb Code     0  use_no_semi.o(.text)
    __use_no_semihosting_swi                 0x0800beb9   Thumb Code     2  use_no_semi.o(.text)
    __semihosting_library_function           0x0800bebb   Thumb Code     0  indicate_semi.o(.text)
    _btod_d2e                                0x0800bebb   Thumb Code    62  btod.o(CL$$btod_d2e)
    _d2e_denorm_low                          0x0800bef9   Thumb Code    70  btod.o(CL$$btod_d2e_denorm_low)
    _d2e_norm_op1                            0x0800bf3f   Thumb Code    96  btod.o(CL$$btod_d2e_norm_op1)
    __btod_div_common                        0x0800bf9f   Thumb Code   696  btod.o(CL$$btod_div_common)
    _e2e                                     0x0800c2d7   Thumb Code   220  btod.o(CL$$btod_e2e)
    _btod_ediv                               0x0800c3b3   Thumb Code    42  btod.o(CL$$btod_ediv)
    _btod_emul                               0x0800c3dd   Thumb Code    42  btod.o(CL$$btod_emul)
    __btod_mult_common                       0x0800c407   Thumb Code   580  btod.o(CL$$btod_mult_common)
    FLASH_ErasePage                          0x0800c64d   Thumb Code    60  stm32f10x_flash.o(i.FLASH_ErasePage)
    FLASH_GetStatus                          0x0800c68d   Thumb Code    34  stm32f10x_flash.o(i.FLASH_GetStatus)
    FLASH_Lock                               0x0800c6b5   Thumb Code    12  stm32f10x_flash.o(i.FLASH_Lock)
    FLASH_ProgramHalfWord                    0x0800c6c5   Thumb Code    50  stm32f10x_flash.o(i.FLASH_ProgramHalfWord)
    FLASH_Unlock                             0x0800c6fd   Thumb Code    12  stm32f10x_flash.o(i.FLASH_Unlock)
    FLASH_WaitForLastOperation               0x0800c715   Thumb Code    40  stm32f10x_flash.o(i.FLASH_WaitForLastOperation)
    USART_SendData                           0x0800c73d   Thumb Code     8  stm32f10x_usart.o(i.USART_SendData)
    __ARM_fpclassify                         0x0800c745   Thumb Code    40  fpclassify.o(i.__ARM_fpclassify)
    __kernel_poly                            0x0800c76d   Thumb Code   170  poly.o(i.__kernel_poly)
    __mathlib_dbl_divzero                    0x0800c819   Thumb Code    12  dunder.o(i.__mathlib_dbl_divzero)
    __mathlib_dbl_infnan2                    0x0800c829   Thumb Code     4  dunder.o(i.__mathlib_dbl_infnan2)
    __mathlib_dbl_invalid                    0x0800c82d   Thumb Code    12  dunder.o(i.__mathlib_dbl_invalid)
    __mathlib_dbl_overflow                   0x0800c839   Thumb Code    14  dunder.o(i.__mathlib_dbl_overflow)
    __mathlib_dbl_underflow                  0x0800c849   Thumb Code    10  dunder.o(i.__mathlib_dbl_underflow)
    pow                                      0x0800c859   Thumb Code  2512  pow.o(i.pow)
    sqrt                                     0x0800d231   Thumb Code    76  sqrt.o(i.sqrt)
    _get_lc_numeric                          0x0800d27d   Thumb Code    44  lc_numeric_c.o(locale$$code)
    _get_lc_ctype                            0x0800d2a9   Thumb Code    44  lc_ctype_c.o(locale$$code)
    __aeabi_d2f                              0x0800d2d5   Thumb Code     0  d2f.o(x$fpl$d2f)
    _d2f                                     0x0800d2d5   Thumb Code    98  d2f.o(x$fpl$d2f)
    __aeabi_dadd                             0x0800d339   Thumb Code     0  daddsub_clz.o(x$fpl$dadd)
    _dadd                                    0x0800d339   Thumb Code   332  daddsub_clz.o(x$fpl$dadd)
    __fpl_dcheck_NaN1                        0x0800d489   Thumb Code    10  dcheck1.o(x$fpl$dcheck1)
    __fpl_dcmp_Inf                           0x0800d499   Thumb Code    24  dcmpi.o(x$fpl$dcmpinf)
    __aeabi_ddiv                             0x0800d4b1   Thumb Code     0  ddiv.o(x$fpl$ddiv)
    _ddiv                                    0x0800d4b1   Thumb Code   552  ddiv.o(x$fpl$ddiv)
    __aeabi_i2d                              0x0800d761   Thumb Code     0  dflt_clz.o(x$fpl$dflt)
    _dflt                                    0x0800d761   Thumb Code    46  dflt_clz.o(x$fpl$dflt)
    __aeabi_ui2d                             0x0800d78f   Thumb Code     0  dflt_clz.o(x$fpl$dfltu)
    _dfltu                                   0x0800d78f   Thumb Code    38  dflt_clz.o(x$fpl$dfltu)
    __aeabi_cdcmple                          0x0800d7b5   Thumb Code     0  dleqf.o(x$fpl$dleqf)
    _dcmple                                  0x0800d7b5   Thumb Code   120  dleqf.o(x$fpl$dleqf)
    __fpl_dcmple_InfNaN                      0x0800d817   Thumb Code     0  dleqf.o(x$fpl$dleqf)
    __aeabi_dmul                             0x0800d82d   Thumb Code     0  dmul.o(x$fpl$dmul)
    _dmul                                    0x0800d82d   Thumb Code   332  dmul.o(x$fpl$dmul)
    __fpl_dnaninf                            0x0800d981   Thumb Code   156  dnaninf.o(x$fpl$dnaninf)
    __fpl_dretinf                            0x0800da1d   Thumb Code    12  dretinf.o(x$fpl$dretinf)
    __aeabi_cdrcmple                         0x0800da29   Thumb Code     0  drleqf.o(x$fpl$drleqf)
    _drcmple                                 0x0800da29   Thumb Code   108  drleqf.o(x$fpl$drleqf)
    __aeabi_drsub                            0x0800da95   Thumb Code     0  daddsub_clz.o(x$fpl$drsb)
    _drsb                                    0x0800da95   Thumb Code    22  daddsub_clz.o(x$fpl$drsb)
    _dsqrt                                   0x0800daad   Thumb Code   456  dsqrt_noumaal.o(x$fpl$dsqrt)
    __aeabi_dsub                             0x0800dc79   Thumb Code     0  daddsub_clz.o(x$fpl$dsub)
    _dsub                                    0x0800dc79   Thumb Code   464  daddsub_clz.o(x$fpl$dsub)
    __aeabi_f2d                              0x0800de4d   Thumb Code     0  f2d.o(x$fpl$f2d)
    _f2d                                     0x0800de4d   Thumb Code    86  f2d.o(x$fpl$f2d)
    __aeabi_fadd                             0x0800dea5   Thumb Code     0  faddsub_clz.o(x$fpl$fadd)
    _fadd                                    0x0800dea5   Thumb Code   196  faddsub_clz.o(x$fpl$fadd)
    __fpl_fcmp_Inf                           0x0800df69   Thumb Code    24  fcmpi.o(x$fpl$fcmpinf)
    __aeabi_fdiv                             0x0800df81   Thumb Code     0  fdiv.o(x$fpl$fdiv)
    _fdiv                                    0x0800df81   Thumb Code   384  fdiv.o(x$fpl$fdiv)
    __aeabi_cfcmpeq                          0x0800e105   Thumb Code     0  feqf.o(x$fpl$feqf)
    _fcmpeq                                  0x0800e105   Thumb Code   104  feqf.o(x$fpl$feqf)
    __aeabi_f2iz                             0x0800e16d   Thumb Code     0  ffix.o(x$fpl$ffix)
    _ffix                                    0x0800e16d   Thumb Code    54  ffix.o(x$fpl$ffix)
    __aeabi_f2uiz                            0x0800e1a5   Thumb Code     0  ffixu.o(x$fpl$ffixu)
    _ffixu                                   0x0800e1a5   Thumb Code    62  ffixu.o(x$fpl$ffixu)
    __aeabi_i2f                              0x0800e1e5   Thumb Code     0  fflt_clz.o(x$fpl$fflt)
    _fflt                                    0x0800e1e5   Thumb Code    48  fflt_clz.o(x$fpl$fflt)
    __aeabi_ui2f                             0x0800e215   Thumb Code     0  fflt_clz.o(x$fpl$ffltu)
    _ffltu                                   0x0800e215   Thumb Code    38  fflt_clz.o(x$fpl$ffltu)
    __aeabi_fmul                             0x0800e23d   Thumb Code     0  fmul.o(x$fpl$fmul)
    _fmul                                    0x0800e23d   Thumb Code   258  fmul.o(x$fpl$fmul)
    __fpl_fnaninf                            0x0800e33f   Thumb Code   140  fnaninf.o(x$fpl$fnaninf)
    __fpl_fretinf                            0x0800e3cb   Thumb Code    10  fretinf.o(x$fpl$fretinf)
    __aeabi_fsub                             0x0800e3d5   Thumb Code     0  faddsub_clz.o(x$fpl$fsub)
    _fsub                                    0x0800e3d5   Thumb Code   234  faddsub_clz.o(x$fpl$fsub)
    _printf_fp_dec                           0x0800e4bf   Thumb Code     4  printf1.o(x$fpl$printf1)
    __fpl_return_NaN                         0x0800e4c3   Thumb Code   100  retnan.o(x$fpl$retnan)
    __ARM_scalbn                             0x0800e527   Thumb Code    92  scalbn.o(x$fpl$scalbn)
    __fpl_cmpreturn                          0x0800e583   Thumb Code    48  trapv.o(x$fpl$trapveneer)
    __I$use$fp                               0x0800e5b2   Number         0  usenofp.o(x$fpl$usenofp)
    xpos                                     0x0800e5b4   Data          72  main.o(.constdata)
    ypos                                     0x0800e5fc   Data          72  main.o(.constdata)
    strl                                     0x0800e644   Data         100  main.o(.constdata)
    var_valid                                0x0800e6a8   Data         348  main.o(.constdata)
    op_x                                     0x0800e804   Data          60  main.o(.constdata)
    op_y                                     0x0800e840   Data          60  main.o(.constdata)
    op_x_dif                                 0x0800e87c   Data           4  main.o(.constdata)
    op_y_dif                                 0x0800e880   Data           4  main.o(.constdata)
    er_x                                     0x0800e884   Data         220  main.o(.constdata)
    er_y                                     0x0800e960   Data         172  main.o(.constdata)
    er_x_dif                                 0x0800ea0c   Data           4  main.o(.constdata)
    er_y_dif                                 0x0800ea10   Data           4  main.o(.constdata)
    touch_command                            0x0800ea14   Data          18  main.o(.constdata)
    all_page_key                             0x0800ea28   Data          64  main.o(.constdata)
    __mathlib_zero                           0x0800eb18   Data           8  qnan.o(.constdata)
    Region$$Table$$Base                      0x0800ebfc   Number         0  anon$$obj.o(Region$$Table)
    Region$$Table$$Limit                     0x0800ec1c   Number         0  anon$$obj.o(Region$$Table)
    __ctype                                  0x0800ec45   Data           0  lc_ctype_c.o(locale$$data)
    picnumber                                0x20000000   Data           4  main.o(.data)
    bufpointer                               0x20000004   Data           4  main.o(.data)
    bufsize                                  0x20000008   Data           4  main.o(.data)
    textpointer                              0x2000000c   Data           4  main.o(.data)
    itemp                                    0x20000010   Data           4  main.o(.data)
    maxbufsize                               0x20000014   Data           4  main.o(.data)
    brightcun                                0x20000018   Data           4  main.o(.data)
    ftemp                                    0x2000001c   Data           4  main.o(.data)
    str                                      0x20000020   Data          20  main.o(.data)
    color1                                   0x20000034   Data           4  main.o(.data)
    color2                                   0x20000038   Data           4  main.o(.data)
    transmit                                 0x2000003c   Data           1  main.o(.data)
    varselect                                0x2000003d   Data           1  main.o(.data)
    cheshmak                                 0x2000003e   Data           1  main.o(.data)
    bright                                   0x2000003f   Data           1  main.o(.data)
    oldbright                                0x20000040   Data           1  main.o(.data)
    picpast_add                              0x20000041   Data           1  main.o(.data)
    lcdbus                                   0x20000042   Data           1  main.o(.data)
    timebase2                                0x20000043   Data           1  main.o(.data)
    oldpageco                                0x20000044   Data           1  main.o(.data)
    r_d_pointer                              0x20000045   Data           1  main.o(.data)
    key_y                                    0x20000048   Data           4  main.o(.data)
    key_x                                    0x2000004c   Data           4  main.o(.data)
    x_sine                                   0x20000050   Data           4  main.o(.data)
    y_sine                                   0x20000054   Data           4  main.o(.data)
    x2_sine                                  0x20000058   Data           4  main.o(.data)
    y2_sine                                  0x2000005c   Data           4  main.o(.data)
    x_dis                                    0x20000060   Data           4  main.o(.data)
    y_dis                                    0x20000064   Data           4  main.o(.data)
    x_dis_shift                              0x20000068   Data           4  main.o(.data)
    y_dis_shift                              0x2000006c   Data           4  main.o(.data)
    picpast_flag                             0x20000070   Data           4  main.o(.data)
    touch_command_pointer                    0x20000074   Data           1  main.o(.data)
    serial_data_valid                        0x20000075   Data           1  main.o(.data)
    touch_key                                0x20000078   Data           4  main.o(.data)
    HSEStartUpStatus                         0x2000007c   Data           1  main.o(.data)
    VarValue                                 0x2000007e   Data           2  main.o(.data)
    FlashStatus                              0x20000080   Data           1  main.o(.data)
    VirtAddVarTab                            0x20000082   Data           6  main.o(.data)
    cun2                                     0x20000088   Data           1  main.o(.data)
    kd                                       0x20000089   Data           1  main.o(.data)
    mmc_command                              0x2000008a   Data           1  main.o(.data)
    mmc_respond                              0x2000008b   Data           1  main.o(.data)
    hpriod                                   0x2000008c   Data           4  main.o(.data)
    recive                                   0x20000090   Data           4  main.o(.data)
    lowr                                     0x20000094   Data           4  main.o(.data)
    b0                                       0x20000098   Data           4  main.o(.data)
    b1                                       0x2000009c   Data           4  main.o(.data)
    b2                                       0x200000a0   Data           4  main.o(.data)
    b3                                       0x200000a4   Data           4  main.o(.data)
    b4                                       0x200000a8   Data           4  main.o(.data)
    b5                                       0x200000ac   Data           4  main.o(.data)
    ruler2                                   0x200000b0   Data           4  main.o(.data)
    timebase                                 0x200000b4   Data           4  main.o(.data)
    passcun                                  0x200000b8   Data           4  main.o(.data)
    cul                                      0x200000bc   Data           1  main.o(.data)
    row                                      0x200000bd   Data           1  main.o(.data)
    keycode                                  0x200000be   Data           1  main.o(.data)
    s                                        0x200000bf   Data           1  main.o(.data)
    number                                   0x200000c0   Data           1  main.o(.data)
    oldpage                                  0x200000c1   Data           1  main.o(.data)
    line                                     0x200000c2   Data           1  main.o(.data)
    id                                       0x200000c3   Data           3  main.o(.data)
    id_counter                               0x200000c6   Data           1  main.o(.data)
    timediv                                  0x200000c7   Data           1  main.o(.data)
    chanel                                   0x200000c8   Data           1  main.o(.data)
    lockkey                                  0x200000c9   Data           1  main.o(.data)
    lockkey1                                 0x200000ca   Data           1  main.o(.data)
    keypress                                 0x200000cb   Data           1  main.o(.data)
    refresh                                  0x200000cc   Data           1  main.o(.data)
    numberchange                             0x200000cd   Data           1  main.o(.data)
    action                                   0x200000ce   Data           1  main.o(.data)
    automode                                 0x200000cf   Data           1  main.o(.data)
    finish                                   0x200000d0   Data           1  main.o(.data)
    timeflag                                 0x200000d1   Data           1  main.o(.data)
    autokey2                                 0x200000d2   Data           1  main.o(.data)
    refresh2                                 0x200000d3   Data           1  main.o(.data)
    ehteyatkey                               0x200000d4   Data           1  main.o(.data)
    semiauto2                                0x200000d5   Data           1  main.o(.data)
    auto3                                    0x200000d6   Data           1  main.o(.data)
    mmc_key_active                           0x200000d7   Data           1  main.o(.data)
    temprecive                               0x200000d8   Data           1  main.o(.data)
    imagekey                                 0x200000d9   Data           1  main.o(.data)
    timefull                                 0x200000da   Data           1  main.o(.data)
    hitreal                                  0x200000db   Data           1  main.o(.data)
    keywait                                  0x200000dc   Data           1  main.o(.data)
    perv1                                    0x200000dd   Data           1  main.o(.data)
    perv2                                    0x200000de   Data           1  main.o(.data)
    perv3                                    0x200000df   Data           1  main.o(.data)
    perv4                                    0x200000e0   Data           1  main.o(.data)
    perv5                                    0x200000e1   Data           1  main.o(.data)
    perv6                                    0x200000e2   Data           1  main.o(.data)
    perv7                                    0x200000e3   Data           1  main.o(.data)
    perv8                                    0x200000e4   Data           1  main.o(.data)
    perv9                                    0x200000e5   Data           1  main.o(.data)
    perv10                                   0x200000e6   Data           1  main.o(.data)
    perv11                                   0x200000e7   Data           1  main.o(.data)
    perv12                                   0x200000e8   Data           1  main.o(.data)
    perv13                                   0x200000e9   Data           1  main.o(.data)
    perv14                                   0x200000ea   Data           1  main.o(.data)
    perv19                                   0x200000eb   Data           1  main.o(.data)
    speedehteyat                             0x200000ec   Data           1  main.o(.data)
    speedv1                                  0x200000ed   Data           1  main.o(.data)
    speedv2                                  0x200000ee   Data           1  main.o(.data)
    speedv3                                  0x200000ef   Data           1  main.o(.data)
    speedv4                                  0x200000f0   Data           1  main.o(.data)
    speedv5                                  0x200000f1   Data           1  main.o(.data)
    speedv6                                  0x200000f2   Data           1  main.o(.data)
    speedv7                                  0x200000f3   Data           1  main.o(.data)
    speedv8                                  0x200000f4   Data           1  main.o(.data)
    speedv9                                  0x200000f5   Data           1  main.o(.data)
    speedv10                                 0x200000f6   Data           1  main.o(.data)
    speedv11                                 0x200000f7   Data           1  main.o(.data)
    speedv12                                 0x200000f8   Data           1  main.o(.data)
    speedv13                                 0x200000f9   Data           1  main.o(.data)
    speedv14                                 0x200000fa   Data           1  main.o(.data)
    speedv19                                 0x200000fb   Data           1  main.o(.data)
    timemax                                  0x200000fc   Data           1  main.o(.data)
    ruler3p1                                 0x20000100   Data           4  main.o(.data)
    ruler3p2                                 0x20000104   Data           4  main.o(.data)
    ruler3p3                                 0x20000108   Data           4  main.o(.data)
    ruler3p4                                 0x2000010c   Data           4  main.o(.data)
    ruler1p7                                 0x20000110   Data           4  main.o(.data)
    ruler1p4                                 0x20000114   Data           4  main.o(.data)
    ruler1p5                                 0x20000118   Data           4  main.o(.data)
    ruler1p6                                 0x2000011c   Data           4  main.o(.data)
    ruler2p4                                 0x20000120   Data           4  main.o(.data)
    ritime1                                  0x20000124   Data           4  main.o(.data)
    ritime2                                  0x20000128   Data           4  main.o(.data)
    ritime3                                  0x2000012c   Data           4  main.o(.data)
    oiltime                                  0x20000130   Data           4  main.o(.data)
    totaltime                                0x20000134   Data           4  main.o(.data)
    timep                                    0x20000138   Data           4  main.o(.data)
    tedad                                    0x2000013c   Data           4  main.o(.data)
    delay1                                   0x20000140   Data           1  main.o(.data)
    delay2                                   0x20000141   Data           1  main.o(.data)
    delay3                                   0x20000142   Data           1  main.o(.data)
    delay4                                   0x20000143   Data           1  main.o(.data)
    delay5                                   0x20000144   Data           1  main.o(.data)
    wait                                     0x20000145   Data           1  main.o(.data)
    pnum                                     0x20000146   Data           1  main.o(.data)
    timer1                                   0x20000147   Data           1  main.o(.data)
    s4051                                    0x20000148   Data           1  main.o(.data)
    c4051                                    0x20000149   Data           1  main.o(.data)
    silehteyat                               0x2000014a   Data           1  main.o(.data)
    mkeshact                                 0x2000014b   Data           1  main.o(.data)
    pbri                                     0x2000014c   Data           1  main.o(.data)
    pmri                                     0x2000014d   Data           1  main.o(.data)
    pbri1                                    0x2000014e   Data           1  main.o(.data)
    pmri1                                    0x2000014f   Data           1  main.o(.data)
    mode                                     0x20000150   Data           1  main.o(.data)
    pepm1                                    0x20000151   Data           1  main.o(.data)
    pepm                                     0x20000152   Data           1  main.o(.data)
    hightemp                                 0x20000153   Data           1  main.o(.data)
    timestart                                0x20000154   Data           1  main.o(.data)
    govein                                   0x20000155   Data           1  main.o(.data)
    goveout                                  0x20000156   Data           1  main.o(.data)
    darbaz                                   0x20000157   Data           1  main.o(.data)
    darbasteh                                0x20000158   Data           1  main.o(.data)
    auto4                                    0x20000159   Data           1  main.o(.data)
    fffk                                     0x2000015a   Data           1  main.o(.data)
    numin                                    0x2000015b   Data           1  main.o(.data)
    cyclea                                   0x2000015c   Data          17  main.o(.data)
    reccun                                   0x2000016d   Data           1  main.o(.data)
    ristate                                  0x2000016e   Data           1  main.o(.data)
    bristate                                 0x2000016f   Data           1  main.o(.data)
    i3old                                    0x20000170   Data           1  main.o(.data)
    oldlgr                                   0x20000171   Data           1  main.o(.data)
    oldlgf                                   0x20000172   Data           1  main.o(.data)
    yekst                                    0x20000173   Data           1  main.o(.data)
    tempp                                    0x20000174   Data           1  main.o(.data)
    rx_wr_index                              0x20000175   Data           1  main.o(.data)
    rx_rd_index                              0x20000176   Data           1  main.o(.data)
    rx_counter                               0x20000177   Data           1  main.o(.data)
    outputa                                  0x20000178   Data           1  main.o(.data)
    outputb                                  0x20000179   Data           1  main.o(.data)
    outputc                                  0x2000017a   Data           1  main.o(.data)
    read1                                    0x2000017b   Data           1  main.o(.data)
    read2                                    0x2000017c   Data           1  main.o(.data)
    read3                                    0x2000017d   Data           1  main.o(.data)
    speed                                    0x2000017e   Data           1  main.o(.data)
    per                                      0x2000017f   Data           1  main.o(.data)
    color_refresh                            0x20000180   Data           1  main.o(.data)
    alaki2                                   0x20000184   Data           4  main.o(.data)
    errorc                                   0x20000188   Data           4  main.o(.data)
    rx_buffer_overflow                       0x2000018c   Data           4  main.o(.data)
    systemonleft                             0x20000190   Data           4  main.o(.data)
    systemonright                            0x20000194   Data           4  main.o(.data)
    beepcounter                              0x20000198   Data           4  main.o(.data)
    pmc                                      0x2000019c   Data           1  main.o(.data)
    pmc1                                     0x2000019d   Data           1  main.o(.data)
    pmo                                      0x2000019e   Data           1  main.o(.data)
    pmo1                                     0x2000019f   Data           1  main.o(.data)
    puf1                                     0x200001a0   Data           1  main.o(.data)
    puf                                      0x200001a1   Data           1  main.o(.data)
    pub                                      0x200001a2   Data           1  main.o(.data)
    pub1                                     0x200001a3   Data           1  main.o(.data)
    pgb                                      0x200001a4   Data           1  main.o(.data)
    pgb1                                     0x200001a5   Data           1  main.o(.data)
    peb1                                     0x200001a6   Data           1  main.o(.data)
    peb                                      0x200001a7   Data           1  main.o(.data)
    pef1                                     0x200001a8   Data           1  main.o(.data)
    pef                                      0x200001a9   Data           1  main.o(.data)
    pco1                                     0x200001aa   Data           1  main.o(.data)
    pco                                      0x200001ab   Data           1  main.o(.data)
    pci1                                     0x200001ac   Data           1  main.o(.data)
    pci                                      0x200001ad   Data           1  main.o(.data)
    rollswitch                               0x200001ae   Data           1  main.o(.data)
    cycleex                                  0x200001af   Data           1  main.o(.data)
    mavad2                                   0x200001b0   Data           1  main.o(.data)
    tempr1                                   0x200001b1   Data           1  main.o(.data)
    oldi8                                    0x200001b2   Data           1  main.o(.data)
    page                                     0x200001b4   Data           4  main.o(.data)
    waitfortemp                              0x200001b8   Data           4  main.o(.data)
    timer                                    0x200001bc   Data           4  main.o(.data)
    timer2                                   0x200001c0   Data           4  main.o(.data)
    hitok                                    0x200001c4   Data           4  main.o(.data)
    ritime                                   0x200001c8   Data           4  main.o(.data)
    ruler1                                   0x200001cc   Data           4  main.o(.data)
    ruler1a                                  0x200001d0   Data           4  main.o(.data)
    ruler3                                   0x200001d4   Data           4  main.o(.data)
    temptemp                                 0x200001d8   Data           4  main.o(.data)
    secend                                   0x200001dc   Data           4  main.o(.data)
    ruler1p2                                 0x200001e0   Data           4  main.o(.data)
    ruler1p3                                 0x200001e4   Data           4  main.o(.data)
    ruler1p1                                 0x200001e8   Data           4  main.o(.data)
    ruler1m                                  0x200001ec   Data           4  main.o(.data)
    ruler2m                                  0x200001f0   Data           4  main.o(.data)
    ruler3m                                  0x200001f4   Data           4  main.o(.data)
    ruler2p1                                 0x200001f8   Data           4  main.o(.data)
    ruler2p2                                 0x200001fc   Data           4  main.o(.data)
    ruler2p3                                 0x20000200   Data           4  main.o(.data)
    oiltemp                                  0x20000204   Data           4  main.o(.data)
    delaycun                                 0x20000208   Data           4  main.o(.data)
    secbase                                  0x2000020c   Data           1  main.o(.data)
    n                                        0x2000020d   Data           1  main.o(.data)
    j                                        0x2000020e   Data           1  main.o(.data)
    d2                                       0x2000020f   Data           1  main.o(.data)
    memseg                                   0x20000210   Data           1  main.o(.data)
    errorcode                                0x20000211   Data           1  main.o(.data)
    staten                                   0x20000212   Data           1  main.o(.data)
    oilnumber                                0x20000213   Data           1  main.o(.data)
    z                                        0x20000214   Data           4  main.o(.data)
    x                                        0x20000218   Data           4  main.o(.data)
    y                                        0x2000021c   Data           4  main.o(.data)
    x1                                       0x20000220   Data           4  main.o(.data)
    y1                                       0x20000224   Data           4  main.o(.data)
    m                                        0x20000228   Data           4  main.o(.data)
    v1                                       0x2000022c   Data           4  main.o(.data)
    k                                        0x20000230   Data           4  main.o(.data)
    a                                        0x20000234   Data           4  main.o(.data)
    q                                        0x20000238   Data           4  main.o(.data)
    u                                        0x2000023c   Data           4  main.o(.data)
    t                                        0x20000240   Data           4  main.o(.data)
    c                                        0x20000244   Data           4  main.o(.data)
    x1line                                   0x20000248   Data           4  main.o(.data)
    x2line                                   0x2000024c   Data           4  main.o(.data)
    y1line                                   0x20000250   Data           4  main.o(.data)
    y2line                                   0x20000254   Data           4  main.o(.data)
    line2                                    0x20000258   Data           4  main.o(.data)
    conter                                   0x2000025c   Data           4  main.o(.data)
    temp                                     0x20000260   Data           4  main.o(.data)
    led                                      0x20000264   Data           1  main.o(.data)
    state                                    0x20000265   Data           1  main.o(.data)
    state2                                   0x20000266   Data           1  main.o(.data)
    delaytaghe                               0x20000267   Data           1  main.o(.data)
    temp111                                  0x20000268   Data           1  main.o(.data)
    pri1                                     0x20000269   Data           1  main.o(.data)
    pri                                      0x2000026a   Data           1  main.o(.data)
    automatic                                0x2000026b   Data           1  main.o(.data)
    semiauto                                 0x2000026c   Data           1  main.o(.data)
    protection                               0x2000026d   Data           1  main.o(.data)
    offbit                                   0x2000026e   Data           1  main.o(.data)
    moto                                     0x2000026f   Data           1  main.o(.data)
    oil                                      0x20000270   Data           1  main.o(.data)
    hitteron                                 0x20000271   Data           1  main.o(.data)
    autokey                                  0x20000272   Data           1  main.o(.data)
    lock                                     0x20000273   Data           1  main.o(.data)
    lock1                                    0x20000274   Data           1  main.o(.data)
    hit1ok                                   0x20000275   Data           1  main.o(.data)
    hit2ok                                   0x20000276   Data           1  main.o(.data)
    hit3ok                                   0x20000277   Data           1  main.o(.data)
    hit4ok                                   0x20000278   Data           1  main.o(.data)
    hit5ok                                   0x20000279   Data           1  main.o(.data)
    lowtemp                                  0x2000027a   Data           1  main.o(.data)
    oilcycle                                 0x2000027b   Data           1  main.o(.data)
    refresh3                                 0x2000027c   Data           1  main.o(.data)
    soundf                                   0x2000027d   Data           1  main.o(.data)
    outon                                    0x2000027e   Data           6  main.o(.data)
    hss                                      0x20000284   Data           5  main.o(.data)
    selz                                     0x20000289   Data           4  main.o(.data)
    zone                                     0x2000028d   Data           1  main.o(.data)
    add                                      0x20000290   Data          20  main.o(.data)
    mmc                                      0x200002a4   Data           4  main.o(.data)
    mmcflag                                  0x200002a8   Data           4  main.o(.data)
    justtest                                 0x200002ac   Data           4  main.o(.data)
    aaa                                      0x200002b0   Data           4  main.o(.data)
    hz                                       0x200002b4   Data          16  main.o(.data)
    tempgo                                   0x200002c4   Data           4  main.o(.data)
    sound                                    0x200002c8   Data           1  main.o(.data)
    kvar                                     0x200002c9   Data           1  main.o(.data)
    kflag                                    0x200002ca   Data           1  main.o(.data)
    speed2                                   0x200002cb   Data           1  main.o(.data)
    kkkk                                     0x200002cc   Data           1  main.o(.data)
    dc                                       0x200002d0   Data          64  main.o(.data)
    maxcomponent                             0x20000310   Data           4  main.o(.data)
    t1cul                                    0x20000314   Data           4  main.o(.data)
    t2cul                                    0x20000318   Data           4  main.o(.data)
    t3cul                                    0x2000031c   Data           4  main.o(.data)
    t4cul                                    0x20000320   Data           4  main.o(.data)
    t5cul                                    0x20000324   Data           4  main.o(.data)
    pass1                                    0x20000328   Data           4  main.o(.data)
    pass2                                    0x2000032c   Data           4  main.o(.data)
    pass3                                    0x20000330   Data           4  main.o(.data)
    passtry                                  0x20000334   Data           4  main.o(.data)
    lock2                                    0x20000338   Data           4  main.o(.data)
    lockpos                                  0x2000033c   Data           4  main.o(.data)
    molpos                                   0x20000340   Data           4  main.o(.data)
    s2pos                                    0x20000344   Data           4  main.o(.data)
    s1pos                                    0x20000348   Data           4  main.o(.data)
    limitrmo                                 0x2000034c   Data           4  main.o(.data)
    lockspeed                                0x20000350   Data           1  main.o(.data)
    lockpre                                  0x20000351   Data           1  main.o(.data)
    molprop                                  0x20000352   Data           1  main.o(.data)
    molpros                                  0x20000353   Data           1  main.o(.data)
    s2                                       0x20000354   Data           1  main.o(.data)
    p2                                       0x20000355   Data           1  main.o(.data)
    s1                                       0x20000356   Data           1  main.o(.data)
    p1                                       0x20000357   Data           1  main.o(.data)
    maxruler1                                0x20000358   Data           4  main.o(.data)
    maxruler2                                0x2000035c   Data           4  main.o(.data)
    maxruler3                                0x20000360   Data           4  main.o(.data)
    marrid                                   0x20000364   Data           4  main.o(.data)
    whour                                    0x20000368   Data           4  main.o(.data)
    ccunter                                  0x2000036c   Data           4  main.o(.data)
    hour                                     0x20000370   Data           4  main.o(.data)
    hour1                                    0x20000374   Data           4  main.o(.data)
    var_page_address                         0x20000378   Data           4  main.o(.data)
    var_next_address                         0x2000037c   Data           4  main.o(.data)
    var2i                                    0x20000380   Data           2  main.o(.data)
    var2j                                    0x20000382   Data           2  main.o(.data)
    addresspage                              0x20000384   Data           4  main.o(.data)
    command_index                            0x20000388   Data           1  main.o(.data)
    beep                                     0x20000389   Data           1  main.o(.data)
    usart_buffer_index                       0x2000038c   Data           4  main.o(.data)
    RS485_buffer_index                       0x20000390   Data           4  main.o(.data)
    Value                                    0x20000394   Data           4  main.o(.data)
    DataVar                                  0x20000398   Data           2  main.o(.data)
    lcdbuf                                   0x2000039c   Data         550  main.o(.bss)
    picbuf                                   0x200005c2   Data         300  main.o(.bss)
    receive_data                             0x200006ee   Data          18  main.o(.bss)
    old                                      0x20000700   Data         388  main.o(.bss)
    oldc                                     0x20000884   Data         384  main.o(.bss)
    sine                                     0x20000a04   Data          20  main.o(.bss)
    old_sine                                 0x20000a18   Data          20  main.o(.bss)
    avrage                                   0x20000a2c   Data          24  main.o(.bss)
    tempreture                               0x20000a44   Data          20  main.o(.bss)
    echostring                               0x20000a58   Data         100  main.o(.bss)
    variable                                 0x20000abc   Data          40  main.o(.bss)
    in                                       0x20000ae4   Data          32  main.o(.bss)
    var                                      0x20000b04   Data         540  main.o(.bss)
    memvar                                   0x20000d20   Data        3168  main.o(.bss)
    var2                                     0x20001980   Data        1408  main.o(.bss)
    command                                  0x20001f00   Data          30  main.o(.bss)
    usart_buffer                             0x20001f1e   Data          40  main.o(.bss)
    RS485_buffer                             0x20001f46   Data          40  main.o(.bss)
    tempasd                                  0x20001f6e   Data          70  main.o(.bss)
    __libspace_start                         0x20001fb4   Data          96  libspace.o(.bss)
    __temporary_stack_top$libspace           0x20002014   Data           0  libspace.o(.bss)



==============================================================================

Memory Map of the image

  Image Entry point : 0x080000ed

  Load Region LR_IROM1 (Base: 0x08000000, Size: 0x0000f0e4, Max: 0x00020000, ABSOLUTE, COMPRESSED[0x0000edfc])

    Execution Region ER_IROM1 (Exec base: 0x08000000, Load base: 0x08000000, Size: 0x0000ed48, Max: 0x00020000, ABSOLUTE)

    Exec Addr    Load Addr    Size         Type   Attr      Idx    E Section Name        Object

    0x08000000   0x08000000   0x000000ec   Data   RO          104    RESET               stm32f10x.o
    0x080000ec   0x080000ec   0x00000008   Code   RO          851  * !!!main             c_w.l(__main.o)
    0x080000f4   0x080000f4   0x00000034   Code   RO         1194    !!!scatter          c_w.l(__scatter.o)
    0x08000128   0x08000128   0x0000005a   Code   RO         1192    !!dczerorl2         c_w.l(__dczerorl2.o)
    0x08000182   0x08000182   0x00000002   PAD
    0x08000184   0x08000184   0x0000001c   Code   RO         1196    !!handler_zi        c_w.l(__scatter_zi.o)
    0x080001a0   0x080001a0   0x00000000   Code   RO          842    .ARM.Collect$$_printf_percent$$00000000  c_w.l(_printf_percent.o)
    0x080001a0   0x080001a0   0x00000006   Code   RO          841    .ARM.Collect$$_printf_percent$$00000003  c_w.l(_printf_f.o)
    0x080001a6   0x080001a6   0x00000006   Code   RO          839    .ARM.Collect$$_printf_percent$$00000009  c_w.l(_printf_d.o)
    0x080001ac   0x080001ac   0x00000006   Code   RO          840    .ARM.Collect$$_printf_percent$$0000000A  c_w.l(_printf_u.o)
    0x080001b2   0x080001b2   0x00000006   Code   RO          838    .ARM.Collect$$_printf_percent$$0000000C  c_w.l(_printf_x.o)
    0x080001b8   0x080001b8   0x00000004   Code   RO          921    .ARM.Collect$$_printf_percent$$00000017  c_w.l(_printf_percent_end.o)
    0x080001bc   0x080001bc   0x00000002   Code   RO         1059    .ARM.Collect$$libinit$$00000000  c_w.l(libinit.o)
    0x080001be   0x080001be   0x00000000   Code   RO         1061    .ARM.Collect$$libinit$$00000002  c_w.l(libinit2.o)
    0x080001be   0x080001be   0x00000000   Code   RO         1063    .ARM.Collect$$libinit$$00000004  c_w.l(libinit2.o)
    0x080001be   0x080001be   0x00000000   Code   RO         1066    .ARM.Collect$$libinit$$0000000A  c_w.l(libinit2.o)
    0x080001be   0x080001be   0x00000000   Code   RO         1068    .ARM.Collect$$libinit$$0000000C  c_w.l(libinit2.o)
    0x080001be   0x080001be   0x00000000   Code   RO         1070    .ARM.Collect$$libinit$$0000000E  c_w.l(libinit2.o)
    0x080001be   0x080001be   0x00000006   Code   RO         1071    .ARM.Collect$$libinit$$0000000F  c_w.l(libinit2.o)
    0x080001c4   0x080001c4   0x00000000   Code   RO         1073    .ARM.Collect$$libinit$$00000011  c_w.l(libinit2.o)
    0x080001c4   0x080001c4   0x0000000c   Code   RO         1074    .ARM.Collect$$libinit$$00000012  c_w.l(libinit2.o)
    0x080001d0   0x080001d0   0x00000000   Code   RO         1075    .ARM.Collect$$libinit$$00000013  c_w.l(libinit2.o)
    0x080001d0   0x080001d0   0x00000000   Code   RO         1077    .ARM.Collect$$libinit$$00000015  c_w.l(libinit2.o)
    0x080001d0   0x080001d0   0x0000000a   Code   RO         1078    .ARM.Collect$$libinit$$00000016  c_w.l(libinit2.o)
    0x080001da   0x080001da   0x00000000   Code   RO         1079    .ARM.Collect$$libinit$$00000017  c_w.l(libinit2.o)
    0x080001da   0x080001da   0x00000000   Code   RO         1081    .ARM.Collect$$libinit$$00000019  c_w.l(libinit2.o)
    0x080001da   0x080001da   0x00000000   Code   RO         1083    .ARM.Collect$$libinit$$0000001B  c_w.l(libinit2.o)
    0x080001da   0x080001da   0x00000000   Code   RO         1085    .ARM.Collect$$libinit$$0000001D  c_w.l(libinit2.o)
    0x080001da   0x080001da   0x00000000   Code   RO         1087    .ARM.Collect$$libinit$$0000001F  c_w.l(libinit2.o)
    0x080001da   0x080001da   0x00000000   Code   RO         1089    .ARM.Collect$$libinit$$00000021  c_w.l(libinit2.o)
    0x080001da   0x080001da   0x00000000   Code   RO         1091    .ARM.Collect$$libinit$$00000023  c_w.l(libinit2.o)
    0x080001da   0x080001da   0x00000000   Code   RO         1093    .ARM.Collect$$libinit$$00000025  c_w.l(libinit2.o)
    0x080001da   0x080001da   0x00000000   Code   RO         1097    .ARM.Collect$$libinit$$0000002C  c_w.l(libinit2.o)
    0x080001da   0x080001da   0x00000000   Code   RO         1099    .ARM.Collect$$libinit$$0000002E  c_w.l(libinit2.o)
    0x080001da   0x080001da   0x00000000   Code   RO         1101    .ARM.Collect$$libinit$$00000030  c_w.l(libinit2.o)
    0x080001da   0x080001da   0x00000000   Code   RO         1103    .ARM.Collect$$libinit$$00000032  c_w.l(libinit2.o)
    0x080001da   0x080001da   0x00000002   Code   RO         1104    .ARM.Collect$$libinit$$00000033  c_w.l(libinit2.o)
    0x080001dc   0x080001dc   0x00000002   Code   RO         1140    .ARM.Collect$$libshutdown$$00000000  c_w.l(libshutdown.o)
    0x080001de   0x080001de   0x00000000   Code   RO         1151    .ARM.Collect$$libshutdown$$00000002  c_w.l(libshutdown2.o)
    0x080001de   0x080001de   0x00000000   Code   RO         1153    .ARM.Collect$$libshutdown$$00000004  c_w.l(libshutdown2.o)
    0x080001de   0x080001de   0x00000000   Code   RO         1156    .ARM.Collect$$libshutdown$$00000007  c_w.l(libshutdown2.o)
    0x080001de   0x080001de   0x00000000   Code   RO         1159    .ARM.Collect$$libshutdown$$0000000A  c_w.l(libshutdown2.o)
    0x080001de   0x080001de   0x00000000   Code   RO         1161    .ARM.Collect$$libshutdown$$0000000C  c_w.l(libshutdown2.o)
    0x080001de   0x080001de   0x00000000   Code   RO         1164    .ARM.Collect$$libshutdown$$0000000F  c_w.l(libshutdown2.o)
    0x080001de   0x080001de   0x00000002   Code   RO         1165    .ARM.Collect$$libshutdown$$00000010  c_w.l(libshutdown2.o)
    0x080001e0   0x080001e0   0x00000000   Code   RO          905    .ARM.Collect$$rtentry$$00000000  c_w.l(__rtentry.o)
    0x080001e0   0x080001e0   0x00000000   Code   RO          980    .ARM.Collect$$rtentry$$00000002  c_w.l(__rtentry2.o)
    0x080001e0   0x080001e0   0x00000006   Code   RO          992    .ARM.Collect$$rtentry$$00000004  c_w.l(__rtentry4.o)
    0x080001e6   0x080001e6   0x00000000   Code   RO          982    .ARM.Collect$$rtentry$$00000009  c_w.l(__rtentry2.o)
    0x080001e6   0x080001e6   0x00000004   Code   RO          983    .ARM.Collect$$rtentry$$0000000A  c_w.l(__rtentry2.o)
    0x080001ea   0x080001ea   0x00000000   Code   RO          985    .ARM.Collect$$rtentry$$0000000C  c_w.l(__rtentry2.o)
    0x080001ea   0x080001ea   0x00000008   Code   RO          986    .ARM.Collect$$rtentry$$0000000D  c_w.l(__rtentry2.o)
    0x080001f2   0x080001f2   0x00000002   Code   RO         1109    .ARM.Collect$$rtexit$$00000000  c_w.l(rtexit.o)
    0x080001f4   0x080001f4   0x00000000   Code   RO         1118    .ARM.Collect$$rtexit$$00000002  c_w.l(rtexit2.o)
    0x080001f4   0x080001f4   0x00000004   Code   RO         1119    .ARM.Collect$$rtexit$$00000003  c_w.l(rtexit2.o)
    0x080001f8   0x080001f8   0x00000006   Code   RO         1120    .ARM.Collect$$rtexit$$00000004  c_w.l(rtexit2.o)
    0x080001fe   0x080001fe   0x00000002   PAD
    0x08000200   0x08000200   0x000002a8   Code   RO            1    .text               stm32_init.o
    0x080004a8   0x080004a8   0x00000038   Code   RO          105    .text               stm32f10x.o
    0x080004e0   0x080004e0   0x0000ab18   Code   RO          110    .text               main.o
    0x0800aff8   0x0800aff8   0x00000398   Code   RO          208    .text               serial.o
    0x0800b390   0x0800b390   0x0000003c   Code   RO          223    .text               delay.o
    0x0800b3cc   0x0800b3cc   0x00000028   Code   RO          791    .text               c_w.l(noretval__2sprintf.o)
    0x0800b3f4   0x0800b3f4   0x00000068   Code   RO          793    .text               c_w.l(__printf.o)
    0x0800b45c   0x0800b45c   0x00000078   Code   RO          795    .text               c_w.l(_printf_dec.o)
    0x0800b4d4   0x0800b4d4   0x00000058   Code   RO          800    .text               c_w.l(_printf_hex_int.o)
    0x0800b52c   0x0800b52c   0x0000001a   Code   RO          843    .text               c_w.l(atoi.o)
    0x0800b546   0x0800b546   0x00000018   Code   RO          845    .text               c_w.l(strcat.o)
    0x0800b55e   0x0800b55e   0x00000002   PAD
    0x0800b560   0x0800b560   0x00000080   Code   RO          847    .text               c_w.l(strcmpv7m.o)
    0x0800b5e0   0x0800b5e0   0x00000006   Code   RO          849    .text               c_w.l(heapauxi.o)
    0x0800b5e6   0x0800b5e6   0x00000002   PAD
    0x0800b5e8   0x0800b5e8   0x00000008   Code   RO          909    .text               c_w.l(rt_errno_addr_intlibspace.o)
    0x0800b5f0   0x0800b5f0   0x00000016   Code   RO          911    .text               c_w.l(_rserrno.o)
    0x0800b606   0x0800b606   0x000000b2   Code   RO          913    .text               c_w.l(_printf_intcommon.o)
    0x0800b6b8   0x0800b6b8   0x0000041e   Code   RO          915    .text               c_w.l(_printf_fp_dec.o)
    0x0800bad6   0x0800bad6   0x00000002   PAD
    0x0800bad8   0x0800bad8   0x00000030   Code   RO          917    .text               c_w.l(_printf_char_common.o)
    0x0800bb08   0x0800bb08   0x0000000a   Code   RO          919    .text               c_w.l(_sputc.o)
    0x0800bb12   0x0800bb12   0x00000070   Code   RO          922    .text               c_w.l(strtol.o)
    0x0800bb82   0x0800bb82   0x00000002   PAD
    0x0800bb84   0x0800bb84   0x00000008   Code   RO          976    .text               c_w.l(libspace.o)
    0x0800bb8c   0x0800bb8c   0x00000010   Code   RO          994    .text               c_w.l(rt_ctype_table.o)
    0x0800bb9c   0x0800bb9c   0x00000008   Code   RO          999    .text               c_w.l(rt_locale_intlibspace.o)
    0x0800bba4   0x0800bba4   0x0000008a   Code   RO         1001    .text               c_w.l(lludiv10.o)
    0x0800bc2e   0x0800bc2e   0x00000002   PAD
    0x0800bc30   0x0800bc30   0x00000080   Code   RO         1003    .text               c_w.l(_printf_fp_infnan.o)
    0x0800bcb0   0x0800bcb0   0x0000009e   Code   RO         1007    .text               c_w.l(_strtoul.o)
    0x0800bd4e   0x0800bd4e   0x00000002   PAD
    0x0800bd50   0x0800bd50   0x000000e4   Code   RO         1009    .text               c_w.l(bigflt0.o)
    0x0800be34   0x0800be34   0x0000004a   Code   RO         1045    .text               c_w.l(sys_stackheap_outer.o)
    0x0800be7e   0x0800be7e   0x0000001c   Code   RO         1047    .text               c_w.l(_chval.o)
    0x0800be9a   0x0800be9a   0x00000012   Code   RO         1052    .text               c_w.l(exit.o)
    0x0800beac   0x0800beac   0x0000000c   Code   RO         1130    .text               c_w.l(sys_exit.o)
    0x0800beb8   0x0800beb8   0x00000002   Code   RO         1141    .text               c_w.l(use_no_semi.o)
    0x0800beba   0x0800beba   0x00000000   Code   RO         1143    .text               c_w.l(indicate_semi.o)
    0x0800beba   0x0800beba   0x0000003e   Code   RO         1012    CL$$btod_d2e        c_w.l(btod.o)
    0x0800bef8   0x0800bef8   0x00000046   Code   RO         1014    CL$$btod_d2e_denorm_low  c_w.l(btod.o)
    0x0800bf3e   0x0800bf3e   0x00000060   Code   RO         1013    CL$$btod_d2e_norm_op1  c_w.l(btod.o)
    0x0800bf9e   0x0800bf9e   0x00000338   Code   RO         1022    CL$$btod_div_common  c_w.l(btod.o)
    0x0800c2d6   0x0800c2d6   0x000000dc   Code   RO         1019    CL$$btod_e2e        c_w.l(btod.o)
    0x0800c3b2   0x0800c3b2   0x0000002a   Code   RO         1016    CL$$btod_ediv       c_w.l(btod.o)
    0x0800c3dc   0x0800c3dc   0x0000002a   Code   RO         1015    CL$$btod_emul       c_w.l(btod.o)
    0x0800c406   0x0800c406   0x00000244   Code   RO         1021    CL$$btod_mult_common  c_w.l(btod.o)
    0x0800c64a   0x0800c64a   0x00000002   PAD
    0x0800c64c   0x0800c64c   0x00000040   Code   RO          257    i.FLASH_ErasePage   STM32F10xR.LIB(stm32f10x_flash.o)
    0x0800c68c   0x0800c68c   0x00000028   Code   RO          255    i.FLASH_GetStatus   STM32F10xR.LIB(stm32f10x_flash.o)
    0x0800c6b4   0x0800c6b4   0x00000010   Code   RO          254    i.FLASH_Lock        STM32F10xR.LIB(stm32f10x_flash.o)
    0x0800c6c4   0x0800c6c4   0x00000038   Code   RO          261    i.FLASH_ProgramHalfWord  STM32F10xR.LIB(stm32f10x_flash.o)
    0x0800c6fc   0x0800c6fc   0x00000018   Code   RO          253    i.FLASH_Unlock      STM32F10xR.LIB(stm32f10x_flash.o)
    0x0800c714   0x0800c714   0x00000028   Code   RO          256    i.FLASH_WaitForLastOperation  STM32F10xR.LIB(stm32f10x_flash.o)
    0x0800c73c   0x0800c73c   0x00000008   Code   RO          425    i.USART_SendData    STM32F10xR.LIB(stm32f10x_usart.o)
    0x0800c744   0x0800c744   0x00000028   Code   RO          963    i.__ARM_fpclassify  m_ws.l(fpclassify.o)
    0x0800c76c   0x0800c76c   0x000000aa   Code   RO          965    i.__kernel_poly     m_ws.l(poly.o)
    0x0800c816   0x0800c816   0x00000002   PAD
    0x0800c818   0x0800c818   0x00000010   Code   RO          949    i.__mathlib_dbl_divzero  m_ws.l(dunder.o)
    0x0800c828   0x0800c828   0x00000004   Code   RO          951    i.__mathlib_dbl_infnan2  m_ws.l(dunder.o)
    0x0800c82c   0x0800c82c   0x0000000c   Code   RO          952    i.__mathlib_dbl_invalid  m_ws.l(dunder.o)
    0x0800c838   0x0800c838   0x0000000e   Code   RO          953    i.__mathlib_dbl_overflow  m_ws.l(dunder.o)
    0x0800c846   0x0800c846   0x00000002   PAD
    0x0800c848   0x0800c848   0x00000010   Code   RO          955    i.__mathlib_dbl_underflow  m_ws.l(dunder.o)
    0x0800c858   0x0800c858   0x000009d8   Code   RO          896    i.pow               m_ws.l(pow.o)
    0x0800d230   0x0800d230   0x0000004c   Code   RO          969    i.sqrt              m_ws.l(sqrt.o)
    0x0800d27c   0x0800d27c   0x0000002c   Code   RO         1035    locale$$code        c_w.l(lc_numeric_c.o)
    0x0800d2a8   0x0800d2a8   0x0000002c   Code   RO         1050    locale$$code        c_w.l(lc_ctype_c.o)
    0x0800d2d4   0x0800d2d4   0x00000062   Code   RO          853    x$fpl$d2f           fz_ws.l(d2f.o)
    0x0800d336   0x0800d336   0x00000002   PAD
    0x0800d338   0x0800d338   0x00000150   Code   RO          924    x$fpl$dadd          fz_ws.l(daddsub_clz.o)
    0x0800d488   0x0800d488   0x00000010   Code   RO         1037    x$fpl$dcheck1       fz_ws.l(dcheck1.o)
    0x0800d498   0x0800d498   0x00000018   Code   RO         1105    x$fpl$dcmpinf       fz_ws.l(dcmpi.o)
    0x0800d4b0   0x0800d4b0   0x000002b0   Code   RO          931    x$fpl$ddiv          fz_ws.l(ddiv.o)
    0x0800d760   0x0800d760   0x0000002e   Code   RO          856    x$fpl$dflt          fz_ws.l(dflt_clz.o)
    0x0800d78e   0x0800d78e   0x00000026   Code   RO          855    x$fpl$dfltu         fz_ws.l(dflt_clz.o)
    0x0800d7b4   0x0800d7b4   0x00000078   Code   RO         1039    x$fpl$dleqf         fz_ws.l(dleqf.o)
    0x0800d82c   0x0800d82c   0x00000154   Code   RO          861    x$fpl$dmul          fz_ws.l(dmul.o)
    0x0800d980   0x0800d980   0x0000009c   Code   RO          934    x$fpl$dnaninf       fz_ws.l(dnaninf.o)
    0x0800da1c   0x0800da1c   0x0000000c   Code   RO          936    x$fpl$dretinf       fz_ws.l(dretinf.o)
    0x0800da28   0x0800da28   0x0000006c   Code   RO          938    x$fpl$drleqf        fz_ws.l(drleqf.o)
    0x0800da94   0x0800da94   0x00000016   Code   RO          925    x$fpl$drsb          fz_ws.l(daddsub_clz.o)
    0x0800daaa   0x0800daaa   0x00000002   PAD
    0x0800daac   0x0800daac   0x000001cc   Code   RO         1041    x$fpl$dsqrt         fz_ws.l(dsqrt_noumaal.o)
    0x0800dc78   0x0800dc78   0x000001d4   Code   RO          926    x$fpl$dsub          fz_ws.l(daddsub_clz.o)
    0x0800de4c   0x0800de4c   0x00000056   Code   RO          863    x$fpl$f2d           fz_ws.l(f2d.o)
    0x0800dea2   0x0800dea2   0x00000002   PAD
    0x0800dea4   0x0800dea4   0x000000c4   Code   RO          865    x$fpl$fadd          fz_ws.l(faddsub_clz.o)
    0x0800df68   0x0800df68   0x00000018   Code   RO          940    x$fpl$fcmpinf       fz_ws.l(fcmpi.o)
    0x0800df80   0x0800df80   0x00000184   Code   RO          872    x$fpl$fdiv          fz_ws.l(fdiv.o)
    0x0800e104   0x0800e104   0x00000068   Code   RO          875    x$fpl$feqf          fz_ws.l(feqf.o)
    0x0800e16c   0x0800e16c   0x00000036   Code   RO          877    x$fpl$ffix          fz_ws.l(ffix.o)
    0x0800e1a2   0x0800e1a2   0x00000002   PAD
    0x0800e1a4   0x0800e1a4   0x0000003e   Code   RO          881    x$fpl$ffixu         fz_ws.l(ffixu.o)
    0x0800e1e2   0x0800e1e2   0x00000002   PAD
    0x0800e1e4   0x0800e1e4   0x00000030   Code   RO          886    x$fpl$fflt          fz_ws.l(fflt_clz.o)
    0x0800e214   0x0800e214   0x00000026   Code   RO          885    x$fpl$ffltu         fz_ws.l(fflt_clz.o)
    0x0800e23a   0x0800e23a   0x00000002   PAD
    0x0800e23c   0x0800e23c   0x00000102   Code   RO          891    x$fpl$fmul          fz_ws.l(fmul.o)
    0x0800e33e   0x0800e33e   0x0000008c   Code   RO          942    x$fpl$fnaninf       fz_ws.l(fnaninf.o)
    0x0800e3ca   0x0800e3ca   0x0000000a   Code   RO          944    x$fpl$fretinf       fz_ws.l(fretinf.o)
    0x0800e3d4   0x0800e3d4   0x000000ea   Code   RO          867    x$fpl$fsub          fz_ws.l(faddsub_clz.o)
    0x0800e4be   0x0800e4be   0x00000004   Code   RO          893    x$fpl$printf1       fz_ws.l(printf1.o)
    0x0800e4c2   0x0800e4c2   0x00000064   Code   RO         1107    x$fpl$retnan        fz_ws.l(retnan.o)
    0x0800e526   0x0800e526   0x0000005c   Code   RO          946    x$fpl$scalbn        fz_ws.l(scalbn.o)
    0x0800e582   0x0800e582   0x00000030   Code   RO         1115    x$fpl$trapveneer    fz_ws.l(trapv.o)
    0x0800e5b2   0x0800e5b2   0x00000000   Code   RO          948    x$fpl$usenofp       fz_ws.l(usenofp.o)
    0x0800e5b2   0x0800e5b2   0x00000002   PAD
    0x0800e5b4   0x0800e5b4   0x000004b4   Data   RO          112    .constdata          main.o
    0x0800ea68   0x0800ea68   0x00000028   Data   RO          801    .constdata          c_w.l(_printf_hex_int.o)
    0x0800ea90   0x0800ea90   0x00000088   Data   RO          897    .constdata          m_ws.l(pow.o)
    0x0800eb18   0x0800eb18   0x00000008   Data   RO          967    .constdata          m_ws.l(qnan.o)
    0x0800eb20   0x0800eb20   0x00000094   Data   RO         1010    .constdata          c_w.l(bigflt0.o)
    0x0800ebb4   0x0800ebb4   0x00000045   Data   RO          113    .conststring        main.o
    0x0800ebf9   0x0800ebf9   0x00000003   PAD
    0x0800ebfc   0x0800ebfc   0x00000020   Data   RO         1190    Region$$Table       anon$$obj.o
    0x0800ec1c   0x0800ec1c   0x0000001c   Data   RO         1034    locale$$data        c_w.l(lc_numeric_c.o)
    0x0800ec38   0x0800ec38   0x00000110   Data   RO         1049    locale$$data        c_w.l(lc_ctype_c.o)


    Execution Region RW_IRAM1 (Exec base: 0x20000000, Load base: 0x0800ed48, Size: 0x00002418, Max: 0x00005000, ABSOLUTE, COMPRESSED[0x000000b4])

    Exec Addr    Load Addr    Size         Type   Attr      Idx    E Section Name        Object

    0x20000000   COMPRESSED   0x0000039a   Data   RW          114    .data               main.o
    0x2000039a   COMPRESSED   0x00000002   PAD
    0x2000039c        -       0x00001c18   Zero   RW          111    .bss                main.o
    0x20001fb4        -       0x00000060   Zero   RW          977    .bss                c_w.l(libspace.o)
    0x20002014   COMPRESSED   0x00000004   PAD
    0x20002018        -       0x00000200   Zero   RW          103    HEAP                stm32f10x.o
    0x20002218        -       0x00000200   Zero   RW          102    STACK               stm32f10x.o


==============================================================================

Image component sizes


      Code (inc. data)   RO Data    RW Data    ZI Data      Debug   Object Name

        60          0          0          0          0        700   delay.o
     43800       4458       1273        922       7192      65128   main.o
       920         58          0          0          0       4521   serial.o
       680         70          0          0          0       8447   stm32_init.o
        56         22        236          0       1024        784   stm32f10x.o

    ----------------------------------------------------------------------
     45516       4608       1544        924       8216      79580   Object Totals
         0          0         32          0          0          0   (incl. Generated)
         0          0          3          2          0          0   (incl. Padding)

    ----------------------------------------------------------------------

      Code (inc. data)   RO Data    RW Data    ZI Data      Debug   Library Member Name

       240         32          0          0          0      24797   stm32f10x_flash.o
         8          0          0          0          0       7829   stm32f10x_usart.o
        90          0          0          0          0          0   __dczerorl2.o
         8          0          0          0          0         68   __main.o
       104          0          0          0          0         84   __printf.o
         0          0          0          0          0          0   __rtentry.o
        12          0          0          0          0          0   __rtentry2.o
         6          0          0          0          0          0   __rtentry4.o
        52          8          0          0          0          0   __scatter.o
        28          0          0          0          0          0   __scatter_zi.o
        28          0          0          0          0         68   _chval.o
        48          6          0          0          0         96   _printf_char_common.o
         6          0          0          0          0          0   _printf_d.o
       120         16          0          0          0         92   _printf_dec.o
         6          0          0          0          0          0   _printf_f.o
      1054          0          0          0          0        216   _printf_fp_dec.o
       128         16          0          0          0         84   _printf_fp_infnan.o
        88          4         40          0          0         88   _printf_hex_int.o
       178          0          0          0          0         88   _printf_intcommon.o
         0          0          0          0          0          0   _printf_percent.o
         4          0          0          0          0          0   _printf_percent_end.o
         6          0          0          0          0          0   _printf_u.o
         6          0          0          0          0          0   _printf_x.o
        22          0          0          0          0        100   _rserrno.o
        10          0          0          0          0         68   _sputc.o
       158          0          0          0          0         92   _strtoul.o
        26          0          0          0          0         80   atoi.o
       228          4        148          0          0         96   bigflt0.o
      1936        128          0          0          0        672   btod.o
        18          0          0          0          0         80   exit.o
         6          0          0          0          0        152   heapauxi.o
         0          0          0          0          0          0   indicate_semi.o
        44         10        272          0          0         76   lc_ctype_c.o
        44         10         28          0          0         76   lc_numeric_c.o
         2          0          0          0          0          0   libinit.o
        30          0          0          0          0          0   libinit2.o
         2          0          0          0          0          0   libshutdown.o
         2          0          0          0          0          0   libshutdown2.o
         8          4          0          0         96         68   libspace.o
       138          0          0          0          0         80   lludiv10.o
        40          6          0          0          0         84   noretval__2sprintf.o
        16          4          0          0          0         76   rt_ctype_table.o
         8          4          0          0          0         68   rt_errno_addr_intlibspace.o
         8          4          0          0          0         68   rt_locale_intlibspace.o
         2          0          0          0          0          0   rtexit.o
        10          0          0          0          0          0   rtexit2.o
        24          0          0          0          0         68   strcat.o
       128          0          0          0          0         68   strcmpv7m.o
       112          0          0          0          0         88   strtol.o
        12          4          0          0          0         68   sys_exit.o
        74          0          0          0          0         80   sys_stackheap_outer.o
         2          0          0          0          0         68   use_no_semi.o
        98          4          0          0          0         92   d2f.o
       826         16          0          0          0        348   daddsub_clz.o
        16          4          0          0          0         68   dcheck1.o
        24          0          0          0          0         68   dcmpi.o
       688        140          0          0          0        208   ddiv.o
        84          0          0          0          0        136   dflt_clz.o
       120          4          0          0          0         92   dleqf.o
       340         12          0          0          0        104   dmul.o
       156          4          0          0          0         92   dnaninf.o
        12          0          0          0          0         68   dretinf.o
       108          0          0          0          0         80   drleqf.o
       460         56          0          0          0        120   dsqrt_noumaal.o
        86          4          0          0          0         84   f2d.o
       430          8          0          0          0        168   faddsub_clz.o
        24          0          0          0          0         68   fcmpi.o
       388         76          0          0          0         96   fdiv.o
       104          4          0          0          0         84   feqf.o
        54          4          0          0          0         84   ffix.o
        62          4          0          0          0         84   ffixu.o
        86          0          0          0          0        136   fflt_clz.o
       258          4          0          0          0         84   fmul.o
       140          4          0          0          0         84   fnaninf.o
        10          0          0          0          0         68   fretinf.o
         4          0          0          0          0         68   printf1.o
       100          0          0          0          0         68   retnan.o
        92          0          0          0          0         68   scalbn.o
        48          0          0          0          0         68   trapv.o
         0          0          0          0          0          0   usenofp.o
        62         10          0          0          0        340   dunder.o
        40          0          0          0          0         68   fpclassify.o
       170          0          0          0          0         96   poly.o
      2520        190        136          0          0        324   pow.o
         0          0          8          0          0          0   qnan.o
        76          0          0          0          0         84   sqrt.o

    ----------------------------------------------------------------------
     13052        808        632          0        100      39586   Library Totals
        36          0          0          0          4          0   (incl. Padding)

    ----------------------------------------------------------------------

      Code (inc. data)   RO Data    RW Data    ZI Data      Debug   Library Name

       248         32          0          0          0      32626   STM32F10xR.LIB
      5082        228        488          0         96       3260   c_w.l
      4818        348          0          0          0       2788   fz_ws.l
      2868        200        144          0          0        912   m_ws.l

    ----------------------------------------------------------------------
     13052        808        632          0        100      39586   Library Totals

    ----------------------------------------------------------------------

==============================================================================


      Code (inc. data)   RO Data    RW Data    ZI Data      Debug   

     58568       5416       2176        924       8316     114698   Grand Totals
     58568       5416       2176        180       8316     114698   ELF Image Totals (compressed)
     58568       5416       2176        180          0          0   ROM Totals

==============================================================================

    Total RO  Size (Code + RO Data)                60744 (  59.32kB)
    Total RW  Size (RW Data + ZI Data)              9240 (   9.02kB)
    Total ROM Size (Code + RO Data + RW Data)      60924 (  59.50kB)

==============================================================================

