<html>
<body>
<pre>
<h1>µVision Build Log</h1>
<h2>Project:</h2>
F:\mcu-test\template\template.uvproj
Project File Date:  03/23/2017

<h2>Output:</h2>
Build target 'Target 1'
compiling STM32_Init.c...
assembling STM32F10x.s...
compiling main.c...
main.c(94): error:  #65: expected a ";"
compiling serial.c...
compiling delay.c...
compiling lib_crc.c...
Target not created
Build target 'Target 1'
compiling STM32_Init.c...
assembling STM32F10x.s...
compiling main.c...
main.c(94): error:  #65: expected a ";"
compiling serial.c...
compiling delay.c...
compiling lib_crc.c...
Target not created
Build target 'Target 1'
compiling STM32_Init.c...
assembling STM32F10x.s...
compiling main.c...
compiling serial.c...
compiling delay.c...
compiling lib_crc.c...
linking...
Program Size: Code=1800 RO-data=252 RW-data=0 ZI-data=1120  
FromELF: creating hex file...
"template.axf" - 0 Error(s), 0 Warning(s).
Build target 'Target 1'
compiling STM32_Init.c...
assembling STM32F10x.s...
compiling main.c...
compiling serial.c...
compiling delay.c...
compiling lib_crc.c...
linking...
Program Size: Code=1820 RO-data=252 RW-data=0 ZI-data=1120  
FromELF: creating hex file...
"template.axf" - 0 Error(s), 0 Warning(s).
Build target 'Target 1'
compiling STM32_Init.c...
assembling STM32F10x.s...
compiling main.c...
compiling serial.c...
compiling delay.c...
compiling lib_crc.c...
linking...
Program Size: Code=1924 RO-data=252 RW-data=0 ZI-data=1120  
FromELF: creating hex file...
"template.axf" - 0 Error(s), 0 Warning(s).
Build target 'Target 1'
compiling STM32_Init.c...
assembling STM32F10x.s...
compiling main.c...
compiling serial.c...
compiling delay.c...
compiling lib_crc.c...
linking...
Program Size: Code=1924 RO-data=252 RW-data=0 ZI-data=1120  
FromELF: creating hex file...
"template.axf" - 0 Error(s), 0 Warning(s).
Build target 'Target 1'
compiling STM32_Init.c...
assembling STM32F10x.s...
compiling main.c...
compiling serial.c...
compiling delay.c...
compiling lib_crc.c...
linking...
Program Size: Code=1924 RO-data=252 RW-data=0 ZI-data=1120  
FromELF: creating hex file...
"template.axf" - 0 Error(s), 0 Warning(s).
Build target 'Target 1'
compiling STM32_Init.c...
assembling STM32F10x.s...
compiling main.c...
compiling serial.c...
compiling delay.c...
compiling lib_crc.c...
linking...
Program Size: Code=1924 RO-data=252 RW-data=0 ZI-data=1120  
FromELF: creating hex file...
"template.axf" - 0 Error(s), 0 Warning(s).
Build target 'Target 1'
linking...
Program Size: Code=1924 RO-data=252 RW-data=0 ZI-data=1120  
FromELF: creating hex file...
"template.axf" - 0 Error(s), 0 Warning(s).
